2025-01-06 11:07:43 ||| Масив полів пустий, а в налаштування включено створення полів!!! labels:[]
2025-01-06 11:07:43 ||| Назви полів на вказані, і авто іменування полів виключене !!!
2025-01-06 11:08:12 ||| Масив полів пустий, а в налаштування включено створення полів!!! labels:[]
2025-01-06 11:08:12 ||| Назви полів на вказані, і авто іменування полів виключене !!!
2025-01-06 11:41:28 ||| Масив полів пустий, а в налаштування включено створення полів!!! labels:[]
2025-01-06 11:41:28 ||| Назви полів на вказані, і авто іменування полів виключене !!!
2025-01-09 14:40:01 ||| Невідома помилка: [Errno 2] No such file or directory: 'D:\\Slash\\Programming\\Language\\PhP\\bilobrov\\www\\config.php' (Файл: D:\Slash\Programming\Project\ForWordPress\for_WP_2_0\main_file_for_create_request.py, Рядок: 49)
2025-01-09 14:41:02 ||| Невідома помилка: [Errno 2] No such file or directory: 'D:\\Slash\\Programming\\Language\\PhP\\bilobrov\\www\\config.php' (Файл: D:\Slash\Programming\Project\ForWordPress\for_WP_2_0\main_file_for_create_request.py, Рядок: 49)
2025-01-09 14:41:55 ||| Невідома помилка: [Errno 2] No such file or directory: 'D:\\Slash\\Programming\\Language\\PhP\\bilobrov\\www\\config.php' (Файл: D:\Slash\Programming\Project\ForWordPress\for_WP_2_0\main_file_for_create_request.py, Рядок: 49)
2025-01-09 14:43:18 ||| Невідома помилка: [Errno 2] No such file or directory: 'D:\\Slash\\Programming\\Language\\PhP\\bilobrov\\www\\config.php' (Файл: D:\Slash\Programming\Project\ForWordPress\for_WP_2_0\main_file_for_create_request.py, Рядок: 49)
2025-01-09 14:43:19 ||| Невідома помилка: [Errno 2] No such file or directory: 'D:\\Slash\\Programming\\Language\\PhP\\bilobrov\\www\\config.php' (Файл: D:\Slash\Programming\Project\ForWordPress\for_WP_2_0\main_file_for_create_request.py, Рядок: 49)
2025-01-09 14:45:25 ||| Невідома помилка: not writable (Файл: D:\Slash\Programming\Project\ForWordPress\for_WP_2_0\main_file_for_create_request.py, Рядок: 57)
2025-01-13 16:24:19 ||| Масив полів пустий, а в налаштування включено створення полів!!! labels:[]
2025-01-13 16:24:19 ||| Назви полів на вказані, і авто іменування полів виключене !!!
2025-01-13 16:24:35 ||| Невідома помилка: Expecting value: line 32 column 17 (char 582) (Файл: C:\Users\sosla\AppData\Local\Programs\Python\Python312\Lib\json\decoder.py, Рядок: 355)
2025-01-17 12:37:10 ||| Масив полів пустий, а в налаштування включено створення полів!!! labels:[]
2025-01-17 12:37:10 ||| Назви полів на вказані, і авто іменування полів виключене !!!
2025-01-17 12:38:41 ||| Масив полів пустий, а в налаштування включено створення полів!!! labels:[]
2025-01-17 12:38:41 ||| Назви полів на вказані, і авто іменування полів виключене !!!
2025-02-07 11:56:03 ||| Масив полів пустий, а в налаштування включено створення полів!!! labels:[]
2025-02-07 11:56:03 ||| Назви полів на вказані, і авто іменування полів виключене !!!
2025-03-25 13:42:53 ||| Папку inc не знайдено!!!
2025-03-25 13:42:53 ||| Папку inc_js не знайдено!!!
2025-03-25 13:42:53 ||| Папку inc_css не знайдено!!!
2025-03-25 13:42:53 ||| Масив полів пустий, а в налаштування включено створення полів!!! labels:[]
2025-03-25 13:42:53 ||| Назви полів на вказані, і авто іменування полів виключене !!!
2025-03-25 13:43:11 ||| Папку inc не знайдено!!!
2025-03-25 13:43:11 ||| Папку inc_js не знайдено!!!
2025-03-25 13:43:11 ||| Папку inc_css не знайдено!!!
2025-03-25 13:44:16 ||| Невідома помилка: [Errno 2] No such file or directory: 'D:\\Slash\\Programming\\Language\\PhP\\impulse\\www\\wp-content\\themes\\impulse\\functions.php' (Файл: D:\Slash\Programming\Project\ForWordPress\for_WP_2_0\main_file_for_create_option.py, Рядок: 342)
2025-03-25 16:30:31 ||| Масив полів пустий, а в налаштування включено створення полів!!! labels:[]
2025-03-25 16:30:31 ||| Назви полів на вказані, і авто іменування полів виключене !!!
2025-03-31 16:21:56 ||| Папку admin_panel не знайдено!!!
2025-03-31 16:21:56 ||| Папку inc_js не знайдено!!!
2025-03-31 16:21:56 ||| Папку inc_css не знайдено!!!
2025-03-31 16:21:56 ||| Масив полів пустий, а в налаштування включено створення полів!!! labels:[]
2025-03-31 16:21:56 ||| Назви полів на вказані, і авто іменування полів виключене !!!
2025-03-31 16:22:20 ||| Масив полів пустий, а в налаштування включено створення полів!!! labels:[]
2025-03-31 16:22:20 ||| Назви полів на вказані, і авто іменування полів виключене !!!
2025-03-31 16:27:56 ||| Невідома помилка: [Errno 2] No such file or directory: 'D:\\Slash\\Programming\\Language\\PhP\\say\\www\\wp-content\\themes\\say\\functions.php' (Файл: D:\Slash\Programming\Project\ForWordPress\for_WP_2_0\main_file_for_create_option.py, Рядок: 342)
2025-03-31 16:29:11 ||| Невідома помилка: [Errno 2] No such file or directory: 'D:\\Slash\\Programming\\Language\\PhP\\say\\www\\wp-content\\themes\\say\\functions.php' (Файл: D:\Slash\Programming\Project\ForWordPress\for_WP_2_0\main_file_for_create_option.py, Рядок: 342)
2025-04-07 12:42:27 ||| Невідома помилка: [Errno 2] No such file or directory: 'D:\\Programms\\OSPanel\\home\\CustomWorkSpace\\wp-content\\themes\\MyCustomThemes\\functions.php' (Файл: D:\Slash\Programming\Project\ForWordPress\for_WP_2_0\main_file_for_create_option.py, Рядок: 342)
2025-04-07 12:42:54 ||| Невідома помилка: [Errno 2] No such file or directory: 'D:\\Programms\\OSPanel\\home\\CustomWorkSpace\\wp-content\\themes\\MyCustomThemes\\functions.php' (Файл: D:\Slash\Programming\Project\ForWordPress\for_WP_2_0\main_file_for_create_option.py, Рядок: 342)
2025-04-07 12:43:10 ||| Невідома помилка: [Errno 2] No such file or directory: 'D:\\Programms\\OSPanel\\home\\CustomWorkSpace\\wp-content\\themes\\MyCustomThemes\\functions.php' (Файл: D:\Slash\Programming\Project\ForWordPress\for_WP_2_0\main_file_for_create_option.py, Рядок: 342)
2025-04-07 12:44:13 ||| Невідома помилка: [Errno 2] No such file or directory: 'D:\\Programms\\OSPanel\\home\\CustomWorkSpace\\wp-content\\themes\\MyCustomThemes\\functions.php' (Файл: D:\Slash\Programming\Project\ForWordPress\for_WP_2_0\main_file_for_create_option.py, Рядок: 342)
